error[E0603]: module `error` is private
  --> tests/ui/module-visibility.rs:16:21
   |
16 |     let _ = inside::error::VariantSnafu;
   |                     ^^^^^  ------------ unit struct `VariantSnafu` is not publicly re-exported
   |                     |
   |                     private module
   |
note: the module `error` is defined here
  --> tests/ui/module-visibility.rs:4:21
   |
 4 |     #[derive(Debug, Snafu)]
   |                     ^^^^^
   = note: this error originates in the derive macro `Snafu` (in Nightly builds, run with -Z macro-backtrace for more info)
